[    3702ms] [WARNING] >>> 脚本放入时机不对，需要检查是否放在了aplus脚本之前，否则不生效 @ https://o.alicdn.com/1688-pc/pc-dynamic-sc/uservitals.js:5
[    6184ms] [ERROR] Failed to load resource: net::ERR_FAILED @ chrome-extension://invalid/:0
[    6333ms] [ERROR] Failed to load resource: net::ERR_FAILED @ chrome-extension://invalid/:0
[    6776ms] [ERROR] Permissions policy violation: gyroscope is not allowed in this document. @ https://g.alicdn.com/secdev/sufei_data/3.9.14/index.js:0
[    6778ms] [ERROR] Permissions policy violation: accelerometer is not allowed in this document. @ https://g.alicdn.com/secdev/sufei_data/3.9.14/index.js:0
[    6778ms] [WARNING] The deviceorientation events are blocked by permissions policy. See https://github.com/w3c/webappsec-permissions-policy/blob/master/features.md#sensor-features @ https://g.alicdn.com/secdev/sufei_data/3.9.14/index.js:0
[   20480ms] undefined
[   48569ms] [WARNING] The ScriptProcessorNode is deprecated. Use AudioWorkletNode instead. (https://bit.ly/audio-worklet) @ https://g.alicdn.com/AWSC/fireyejs/1.231.67/fireyejs.js:0
[   56261ms] [ERROR] Permissions policy violation: accelerometer is not allowed in this document. @ https://g.alicdn.com/AWSC/fireyejs/1.234.20/fireyejs.js:0
[   56261ms] [WARNING] The deviceorientation events are blocked by permissions policy. See https://github.com/w3c/webappsec-permissions-policy/blob/master/features.md#sensor-features @ https://g.alicdn.com/AWSC/fireyejs/1.234.20/fireyejs.js:0
[   66288ms] Uncaught TypeError: Failed to construct 'RTCPeerConnection': Please use the 'new' operator, this DOM object constructor cannot be called as a function.
    at <anonymous> (https://g.alicdn.com/AWSC/fireyejs/1.234.20/fireyejs.js:0:3286)
    at DG (https://g.alicdn.com/AWSC/fireyejs/1.234.20/fireyejs.js:0:1590)
[   57512ms] [ERROR] Permissions policy violation: accelerometer is not allowed in this document. @ https://g.alicdn.com/AWSC/fireyejs/1.234.20/fireyejs.js:0
[   57512ms] [WARNING] The devicemotion events are blocked by permissions policy. See https://github.com/w3c/webappsec-permissions-policy/blob/master/features.md#sensor-features @ https://g.alicdn.com/AWSC/fireyejs/1.234.20/fireyejs.js:0
[   57543ms] [WARNING] jump the middleware about etag, because waiting timeout maxTimeout = 2000ms! @ :4
[   58031ms] [ERROR] Permissions policy violation: accelerometer is not allowed in this document. @ https://g.alicdn.com/AWSC/uab/1.140.0/collina.js:1
[   58032ms] [WARNING] The deviceorientation events are blocked by permissions policy. See https://github.com/w3c/webappsec-permissions-policy/blob/master/features.md#sensor-features @ https://g.alicdn.com/AWSC/uab/1.140.0/collina.js:1
[   58664ms] [ERROR] Permissions policy violation: gyroscope is not allowed in this document. @ https://g.alicdn.com/secdev/sufei_data/3.9.14/index.js:0
[   58665ms] [ERROR] Permissions policy violation: accelerometer is not allowed in this document. @ https://g.alicdn.com/secdev/sufei_data/3.9.14/index.js:0
[   58665ms] [WARNING] The deviceorientation events are blocked by permissions policy. See https://github.com/w3c/webappsec-permissions-policy/blob/master/features.md#sensor-features @ https://g.alicdn.com/secdev/sufei_data/3.9.14/index.js:0
